\BOOKMARK [0][-]{chapter.1}{\376\377\000A\000G\000V\000\040\040\023\000\040\000R\000E\000S\000T\000\040\000A\000P\000I\000\040\000D\000o\000k\000u\000m\000e\000n\000t\000a\000t\000i\000o\000n}{}% 1
\BOOKMARK [1][-]{section.1.1}{\376\377\000A\000l\000l\000g\000e\000m\000e\000i\000n\000e\000s}{chapter.1}% 2
\BOOKMARK [1][-]{section.1.2}{\376\377\000T\000o\000p\000-\000L\000e\000v\000e\000l\000-\000F\000e\000l\000d\000e\000r\000\040\000d\000e\000r\000\040\000A\000P\000I\000-\000A\000n\000t\000w\000o\000r\000t\000e\000n}{chapter.1}% 3
\BOOKMARK [1][-]{section.1.3}{\376\377\000A\000n\000t\000w\000o\000r\000t\000m\000o\000d\000e\000l\000l\000e}{chapter.1}% 4
\BOOKMARK [1][-]{section.1.4}{\376\377\000K\000o\000n\000v\000e\000n\000t\000i\000o\000n\000e\000n\000\040\000f\000\374\000r\000\040\000R\000e\000q\000u\000e\000s\000t\000s}{chapter.1}% 5
\BOOKMARK [0][-]{chapter.2}{\376\377\000E\000n\000t\000r\000y\000-\000P\000o\000i\000n\000t\000s\000:\000\040\000C\000o\000m\000m\000o\000n}{}% 6
\BOOKMARK [1][-]{section.2.1}{\376\377\000P\000i\000n\000g\000\040\000-\000\040\000/\000a\000p\000i\000/\000a\000g\000v\000/\000c\000o\000m\000m\000o\000n\000/\000p\000i\000n\000g}{chapter.2}% 7
\BOOKMARK [1][-]{section.2.2}{\376\377\000I\000d\000e\000n\000t\000i\000f\000y\000\040\000-\000\040\000/\000a\000p\000i\000/\000a\000g\000v\000/\000c\000o\000m\000m\000o\000n\000/\000i\000d\000e\000n\000t\000i\000f\000y}{chapter.2}% 8
\BOOKMARK [1][-]{section.2.3}{\376\377\000R\000e\000s\000t\000a\000r\000t\000\040\000-\000\040\000/\000a\000p\000i\000/\000a\000g\000v\000/\000c\000o\000m\000m\000o\000n\000/\000r\000e\000s\000t\000a\000r\000t}{chapter.2}% 9
\BOOKMARK [0][-]{chapter.3}{\376\377\000E\000n\000t\000r\000y\000-\000P\000o\000i\000n\000t\000s\000:\000\040\000B\000u\000z\000z\000e\000r}{}% 10
\BOOKMARK [1][-]{section.3.1}{\376\377\000B\000u\000z\000z\000e\000r\000\040\000O\000f\000f\000\040\000-\000\040\000/\000a\000p\000i\000/\000a\000g\000v\000/\000b\000u\000z\000z\000e\000r\000/\000o\000f\000f}{chapter.3}% 11
\BOOKMARK [1][-]{section.3.2}{\376\377\000B\000u\000z\000z\000e\000r\000\040\000O\000n\000\040\000-\000\040\000/\000a\000p\000i\000/\000a\000g\000v\000/\000b\000u\000z\000z\000e\000r\000/\000o\000n}{chapter.3}% 12
\BOOKMARK [1][-]{section.3.3}{\376\377\000B\000e\000e\000p\000\040\000O\000n\000c\000e\000\040\000-\000\040\000/\000a\000p\000i\000/\000a\000g\000v\000/\000b\000u\000z\000z\000e\000r\000/\000b\000e\000e\000p\000O\000n\000c\000e}{chapter.3}% 13
\BOOKMARK [1][-]{section.3.4}{\376\377\000B\000e\000e\000p\000\040\000I\000n\000f\000i\000n\000i\000t\000e\000\040\000-\000\040\000/\000a\000p\000i\000/\000a\000g\000v\000/\000b\000u\000z\000z\000e\000r\000/\000b\000e\000e\000p\000I\000n\000f\000i\000n\000i\000t\000e}{chapter.3}% 14
\BOOKMARK [1][-]{section.3.5}{\376\377\000B\000e\000e\000p\000\040\000N\000-\000t\000i\000m\000e\000s\000\040\000-\000\040\000/\000a\000p\000i\000/\000a\000g\000v\000/\000b\000u\000z\000z\000e\000r\000/\000b\000e\000e\000p\000N\000T\000i\000m\000e\000s}{chapter.3}% 15
\BOOKMARK [0][-]{chapter.4}{\376\377\000E\000n\000t\000r\000y\000-\000P\000o\000i\000n\000t\000s\000:\000\040\000I\0002\000C\000\040\000S\000c\000a\000n\000n\000e\000r}{}% 16
\BOOKMARK [1][-]{section.4.1}{\376\377\000I\0002\000C\000\040\000D\000e\000v\000i\000c\000e\000\040\000S\000c\000a\000n\000n\000e\000r\000\040\000-\000\040\000/\000a\000p\000i\000/\000a\000g\000v\000/\000i\0002\000c\000/\000s\000c\000a\000n}{chapter.4}% 17
\BOOKMARK [0][-]{chapter.5}{\376\377\000E\000n\000t\000r\000y\000-\000P\000o\000i\000n\000t\000s\000:\000\040\000I\000n\000f\000o}{}% 18
\BOOKMARK [1][-]{section.5.1}{\376\377\000A\000G\000V\000\040\000I\000n\000f\000o\000\040\040\023\000\040\000/\000a\000p\000i\000/\000i\000n\000f\000o\000/\000a\000g\000v}{chapter.5}% 19
\BOOKMARK [1][-]{section.5.2}{\376\377\000E\000S\000P\0003\0002\000\040\000C\000h\000i\000p\000\040\000I\000n\000f\000o\000\040\040\023\000\040\000/\000a\000p\000i\000/\000i\000n\000f\000o\000/\000e\000s\000p\0003\0002\000/\000c\000h\000i\000p}{chapter.5}% 20
\BOOKMARK [1][-]{section.5.3}{\376\377\000E\000S\000P\0003\0002\000\040\000N\000e\000t\000w\000o\000r\000k\000\040\000I\000n\000f\000o\000\040\040\023\000\040\000/\000a\000p\000i\000/\000i\000n\000f\000o\000/\000e\000s\000p\0003\0002\000/\000n\000e\000t\000w\000o\000r\000k}{chapter.5}% 21
\BOOKMARK [1][-]{section.5.4}{\376\377\000E\000S\000P\0003\0002\000\040\000P\000a\000r\000t\000i\000t\000i\000o\000n\000\040\000I\000n\000f\000o\000\040\040\023\000\040\000/\000a\000p\000i\000/\000i\000n\000f\000o\000/\000e\000s\000p\0003\0002\000/\000p\000a\000r\000t\000i\000t\000i\000o\000n\000s}{chapter.5}% 22
\BOOKMARK [0][-]{chapter.6}{\376\377\000E\000n\000t\000r\000y\000-\000P\000o\000i\000n\000t\000s\000:\000\040\000S\000t\000e\000p\000p\000e\000r}{}% 23
\BOOKMARK [1][-]{section.6.1}{\376\377\000S\000e\000t\000\040\000V\000e\000l\000o\000c\000i\000t\000y\000\040\000\050\000b\000e\000i\000d\000e\000\051\000\040\040\023\000\040\000/\000a\000p\000i\000/\000a\000g\000v\000/\000s\000t\000e\000p\000p\000e\000r\000/\000s\000e\000t\000V\000e\000l\000o\000c\000i\000t\000y}{chapter.6}% 24
\BOOKMARK [1][-]{section.6.2}{\376\377\000E\000n\000a\000b\000l\000e\000/\000D\000i\000s\000a\000b\000l\000e\000\040\040\023\000\040\000/\000a\000p\000i\000/\000a\000g\000v\000/\000s\000t\000e\000p\000p\000e\000r\000/\000e\000n\000a\000b\000l\000e}{chapter.6}% 25
\BOOKMARK [1][-]{section.6.3}{\376\377\000I\000s\000\040\000M\000o\000v\000i\000n\000g\000\040\040\023\000\040\000/\000a\000p\000i\000/\000a\000g\000v\000/\000s\000t\000e\000p\000p\000e\000r\000/\000i\000s\000M\000o\000v\000i\000n\000g}{chapter.6}% 26
\BOOKMARK [1][-]{section.6.4}{\376\377\000M\000o\000t\000i\000o\000n\000\040\000M\000o\000d\000e\000\040\040\023\000\040\000/\000a\000p\000i\000/\000a\000g\000v\000/\000s\000t\000e\000p\000p\000e\000r\000/\000m\000o\000t\000i\000o\000n\000M\000o\000d\000e}{chapter.6}% 27
\BOOKMARK [1][-]{section.6.5}{\376\377\000A\000b\000o\000r\000t\000\040\000M\000o\000t\000i\000o\000n\000\040\040\023\000\040\000/\000a\000p\000i\000/\000a\000g\000v\000/\000s\000t\000e\000p\000p\000e\000r\000/\000a\000b\000o\000r\000t\000M\000o\000t\000i\000o\000n}{chapter.6}% 28
\BOOKMARK [1][-]{section.6.6}{\376\377\000R\000e\000s\000e\000t\000\040\000P\000o\000s\000i\000t\000i\000o\000n\000\040\040\023\000\040\000/\000a\000p\000i\000/\000a\000g\000v\000/\000s\000t\000e\000p\000p\000e\000r\000/\000r\000e\000s\000e\000t\000P\000o\000s\000i\000t\000i\000o\000n}{chapter.6}% 29
\BOOKMARK [1][-]{section.6.7}{\376\377\000G\000e\000t\000\040\000C\000u\000r\000r\000e\000n\000t\000\040\000V\000e\000l\000o\000c\000i\000t\000y\000\040\040\023\000\040\000/\000a\000p\000i\000/\000a\000g\000v\000/\000s\000t\000e\000p\000p\000e\000r\000/\000g\000e\000t\000C\000u\000r\000r\000e\000n\000t\000V\000e\000l\000o\000c\000i\000t\000y}{chapter.6}% 30
\BOOKMARK [1][-]{section.6.8}{\376\377\000G\000e\000t\000\040\000C\000u\000r\000r\000e\000n\000t\000\040\000P\000o\000s\000i\000t\000i\000o\000n\000\040\040\023\000\040\000/\000a\000p\000i\000/\000a\000g\000v\000/\000s\000t\000e\000p\000p\000e\000r\000/\000g\000e\000t\000C\000u\000r\000r\000e\000n\000t\000P\000o\000s\000i\000t\000i\000o\000n}{chapter.6}% 31
\BOOKMARK [1][-]{section.6.9}{\376\377\000S\000e\000t\000\040\000V\000e\000l\000o\000c\000i\000t\000y\000\040\000\050\000e\000i\000n\000z\000e\000l\000n\000\051\000\040\040\023\000\040\000/\000a\000p\000i\000/\000a\000g\000v\000/\000s\000t\000e\000p\000p\000e\000r\000/\000s\000e\000t\000V\000e\000l\000o\000c\000i\000t\000y\000S\000i\000n\000g\000l\000e}{chapter.6}% 32
\BOOKMARK [1][-]{section.6.10}{\376\377\000S\000e\000t\000\040\000M\000a\000x\000\040\000V\000e\000l\000o\000c\000i\000t\000y\000\040\000\045\000\040\040\023\000\040\000/\000a\000p\000i\000/\000a\000g\000v\000/\000s\000t\000e\000p\000p\000e\000r\000/\000s\000e\000t\000M\000a\000x\000V\000e\000l\000o\000c\000i\000t\000y\000P\000e\000r\000c}{chapter.6}% 33
\BOOKMARK [1][-]{section.6.11}{\376\377\000S\000e\000t\000\040\000M\000a\000x\000\040\000A\000c\000c\000e\000l\000e\000r\000a\000t\000i\000o\000n\000\040\000\045\000\040\040\023\000\040\000/\000a\000p\000i\000/\000a\000g\000v\000/\000s\000t\000e\000p\000p\000e\000r\000/\000s\000e\000t\000M\000a\000x\000A\000c\000c\000e\000l\000e\000r\000a\000t\000i\000o\000n\000P\000e\000r\000c}{chapter.6}% 34
\BOOKMARK [1][-]{section.6.12}{\376\377\000M\000o\000v\000e\000\040\000A\000b\000s\000o\000l\000u\000t\000e\000\040\040\023\000\040\000/\000a\000p\000i\000/\000a\000g\000v\000/\000s\000t\000e\000p\000p\000e\000r\000/\000s\000e\000t\000M\000o\000v\000e\000A\000b\000s\000o\000l\000u\000t\000e}{chapter.6}% 35
\BOOKMARK [1][-]{section.6.13}{\376\377\000M\000o\000v\000e\000\040\000R\000e\000l\000a\000t\000i\000v\000e\000\040\040\023\000\040\000/\000a\000p\000i\000/\000a\000g\000v\000/\000s\000t\000e\000p\000p\000e\000r\000/\000s\000e\000t\000M\000o\000v\000e\000R\000e\000l\000a\000t\000i\000v\000e}{chapter.6}% 36
\BOOKMARK [0][-]{chapter.7}{\376\377\000E\000n\000t\000r\000y\000-\000P\000o\000i\000n\000t\000s\000:\000\040\000P\000W\000M}{}% 37
\BOOKMARK [1][-]{section.7.1}{\376\377\000P\000W\000M\000\040\000S\000e\000t\000t\000i\000n\000g\000s\000\040\040\023\000\040\000/\000a\000p\000i\000/\000a\000g\000v\000/\000p\000w\000m\000/\000s\000e\000t\000t\000i\000n\000g\000s}{chapter.7}% 38
\BOOKMARK [1][-]{section.7.2}{\376\377\000P\000W\000M\000\040\000E\000n\000a\000b\000l\000e\000\040\040\023\000\040\000/\000a\000p\000i\000/\000a\000g\000v\000/\000p\000w\000m\000/\000e\000n\000a\000b\000l\000e}{chapter.7}% 39
\BOOKMARK [1][-]{section.7.3}{\376\377\000S\000e\000t\000\040\000A\000c\000t\000i\000v\000e\000\040\000S\000e\000r\000v\000o\000s\000\040\040\023\000\040\000/\000a\000p\000i\000/\000a\000g\000v\000/\000p\000w\000m\000/\000s\000e\000t\000A\000c\000t\000i\000v\000e\000S\000e\000r\000v\000o\000s}{chapter.7}% 40
\BOOKMARK [1][-]{section.7.4}{\376\377\000S\000e\000t\000\040\000C\000h\000a\000n\000n\000e\000l\000\040\000P\000o\000s\000i\000t\000i\000o\000n\000\040\040\023\000\040\000/\000a\000p\000i\000/\000a\000g\000v\000/\000p\000w\000m\000/\000c\000h\000a\000n\000n\000e\000l\000/\000s\000e\000t\000P\000o\000s\000i\000t\000i\000o\000n}{chapter.7}% 41
\BOOKMARK [1][-]{section.7.5}{\376\377\000S\000e\000t\000\040\000C\000h\000a\000n\000n\000e\000l\000\040\000L\000i\000m\000i\000t\000s\000\040\040\023\000\040\000/\000a\000p\000i\000/\000a\000g\000v\000/\000p\000w\000m\000/\000c\000h\000a\000n\000n\000e\000l\000/\000s\000e\000t\000L\000i\000m\000i\000t\000s}{chapter.7}% 42
\BOOKMARK [1][-]{section.7.6}{\376\377\000S\000e\000t\000\040\000C\000h\000a\000n\000n\000e\000l\000\040\000S\000t\000a\000r\000t\000\040\000P\000o\000s\000i\000t\000i\000o\000n\000\040\040\023\000\040\000/\000a\000p\000i\000/\000a\000g\000v\000/\000p\000w\000m\000/\000c\000h\000a\000n\000n\000e\000l\000/\000s\000e\000t\000S\000t\000a\000r\000t\000P\000o\000s\000i\000t\000i\000o\000n}{chapter.7}% 43
\BOOKMARK [1][-]{section.7.7}{\376\377\000S\000e\000t\000\040\000C\000h\000a\000n\000n\000e\000l\000\040\000F\000u\000l\000l\000\040\000S\000w\000e\000e\000p\000\040\000T\000i\000m\000e\000\040\040\023\000\040\000/\000a\000p\000i\000/\000a\000g\000v\000/\000p\000w\000m\000/\000c\000h\000a\000n\000n\000e\000l\000/\000s\000e\000t\000F\000u\000l\000l\000S\000w\000e\000e\000p\000T\000i\000m\000e}{chapter.7}% 44
\BOOKMARK [0][-]{chapter.8}{\376\377\000E\000n\000t\000r\000y\000-\000P\000o\000i\000n\000t\000s\000:\000\040\000L\000E\000D}{}% 45
\BOOKMARK [1][-]{section.8.1}{\376\377\000L\000E\000D\000\040\000O\000f\000f\000\040\040\023\000\040\000/\000a\000p\000i\000/\000a\000g\000v\000/\000l\000e\000d\000/\000o\000f\000f}{chapter.8}% 46
\BOOKMARK [1][-]{section.8.2}{\376\377\000L\000E\000D\000\040\000O\000n\000\040\040\023\000\040\000/\000a\000p\000i\000/\000a\000g\000v\000/\000l\000e\000d\000/\000o\000n}{chapter.8}% 47
\BOOKMARK [1][-]{section.8.3}{\376\377\000L\000E\000D\000\040\000F\000l\000a\000s\000h\000\040\000O\000n\000c\000e\000\040\040\023\000\040\000/\000a\000p\000i\000/\000a\000g\000v\000/\000l\000e\000d\000/\000f\000l\000a\000s\000h\000O\000n\000c\000e}{chapter.8}% 48
\BOOKMARK [1][-]{section.8.4}{\376\377\000L\000E\000D\000\040\000F\000l\000a\000s\000h\000\040\000I\000n\000f\000i\000n\000i\000t\000e\000\040\040\023\000\040\000/\000a\000p\000i\000/\000a\000g\000v\000/\000l\000e\000d\000/\000f\000l\000a\000s\000h\000I\000n\000f\000i\000n\000i\000t\000e}{chapter.8}% 49
\BOOKMARK [1][-]{section.8.5}{\376\377\000L\000E\000D\000\040\000F\000l\000a\000s\000h\000\040\000N\000-\000t\000i\000m\000e\000s\000\040\040\023\000\040\000/\000a\000p\000i\000/\000a\000g\000v\000/\000l\000e\000d\000/\000f\000l\000a\000s\000h\000N\000T\000i\000m\000e\000s}{chapter.8}% 50
\BOOKMARK [0][-]{chapter.9}{\376\377\000E\000n\000t\000r\000y\000-\000P\000o\000i\000n\000t\000s\000:\000\040\000W\000i\000F\000i}{}% 51
\BOOKMARK [1][-]{section.9.1}{\376\377\000W\000i\000F\000i\000\040\000S\000e\000t\000t\000i\000n\000g\000s\000\040\040\023\000\040\000/\000a\000p\000i\000/\000a\000g\000v\000/\000w\000i\000f\000i\000/\000g\000e\000t\000W\000i\000f\000i\000S\000e\000t\000t\000i\000n\000g\000s}{chapter.9}% 52
\BOOKMARK [1][-]{section.9.2}{\376\377\000S\000e\000t\000\040\000A\000c\000t\000i\000v\000e\000\040\000W\000i\000F\000i\000\040\000M\000o\000d\000e\000\040\040\023\000\040\000/\000a\000p\000i\000/\000a\000g\000v\000/\000w\000i\000f\000i\000/\000s\000e\000t\000A\000c\000t\000i\000v\000e\000M\000o\000d\000e}{chapter.9}% 53
\BOOKMARK [1][-]{section.9.3}{\376\377\000S\000e\000t\000\040\000W\000i\000F\000i\000\040\000M\000o\000d\000e\000\040\000D\000a\000t\000a\000\040\040\023\000\040\000/\000a\000p\000i\000/\000a\000g\000v\000/\000w\000i\000f\000i\000/\000s\000e\000t\000M\000o\000d\000e\000D\000a\000t\000a}{chapter.9}% 54
\BOOKMARK [0][-]{chapter.10}{\376\377\000E\000n\000t\000r\000y\000-\000P\000o\000i\000n\000t\000s\000:\000\040\000W\000h\000e\000r\000e\000I\000s\000M\000y\000A\000G\000V}{}% 55
\BOOKMARK [1][-]{section.10.1}{\376\377\000W\000h\000e\000r\000e\000I\000s\000M\000y\000A\000G\000V\000\040\000S\000t\000a\000t\000u\000s\000\040\040\023\000\040\000/\000a\000p\000i\000/\000a\000g\000v\000/\000w\000h\000e\000r\000e\000I\000s\000M\000y\000A\000G\000V\000/\000s\000t\000a\000t\000u\000s}{chapter.10}% 56
\BOOKMARK [1][-]{section.10.2}{\376\377\000W\000h\000e\000r\000e\000I\000s\000M\000y\000A\000G\000V\000\040\000E\000n\000a\000b\000l\000e\000\040\040\023\000\040\000/\000a\000p\000i\000/\000a\000g\000v\000/\000w\000h\000e\000r\000e\000I\000s\000M\000y\000A\000G\000V\000/\000e\000n\000a\000b\000l\000e}{chapter.10}% 57
\BOOKMARK [1][-]{section.10.3}{\376\377\000W\000h\000e\000r\000e\000I\000s\000M\000y\000A\000G\000V\000\040\000S\000e\000t\000t\000i\000n\000g\000s\000\040\040\023\000\040\000/\000a\000p\000i\000/\000a\000g\000v\000/\000w\000h\000e\000r\000e\000I\000s\000M\000y\000A\000G\000V\000/\000s\000e\000t\000t\000i\000n\000g\000s}{chapter.10}% 58
\BOOKMARK [0][-]{chapter.11}{\376\377\000E\000n\000t\000r\000y\000-\000P\000o\000i\000n\000t\000s\000:\000\040\000N\000V\000S\000\040\000\050\000N\000o\000n\000-\000V\000o\000l\000a\000t\000i\000l\000e\000\040\000S\000t\000o\000r\000a\000g\000e\000\051}{}% 59
\BOOKMARK [1][-]{section.11.1}{\376\377\000L\000i\000s\000t\000\040\000N\000V\000S\000\040\000N\000a\000m\000e\000s\000p\000a\000c\000e\000s\000\040\040\023\000\040\000/\000a\000p\000i\000/\000n\000v\000e\000/\000n\000a\000m\000e\000s\000p\000a\000c\000e\000s}{chapter.11}% 60
\BOOKMARK [1][-]{section.11.2}{\376\377\000L\000i\000s\000t\000\040\000K\000e\000y\000s\000\040\000a\000n\000d\000\040\000V\000a\000l\000u\000e\000s\000\040\040\023\000\040\000/\000a\000p\000i\000/\000n\000v\000e\000/\000l\000i\000s\000t\000K\000e\000y\000s\000A\000n\000d\000V\000a\000l\000u\000e\000s}{chapter.11}% 61
\BOOKMARK [0][-]{chapter.12}{\376\377\000E\000n\000t\000r\000y\000-\000P\000o\000i\000n\000t\000s\000:\000\040\000L\000i\000n\000e\000\040\000F\000o\000l\000l\000o\000w\000e\000r}{}% 62
\BOOKMARK [1][-]{section.12.1}{\376\377\000L\000i\000n\000e\000\040\000F\000o\000l\000l\000o\000w\000e\000r\000\040\000S\000e\000n\000s\000o\000r\000s\000\040\040\023\000\040\000/\000a\000p\000i\000/\000a\000g\000v\000/\000l\000i\000n\000e\000f\000o\000l\000l\000o\000w\000e\000r\000/\000s\000e\000t\000t\000i\000n\000g\000s}{chapter.12}% 63
\BOOKMARK [1][-]{section.12.2}{\376\377\000L\000i\000n\000e\000\040\000F\000o\000l\000l\000o\000w\000e\000r\000\040\000S\000e\000n\000s\000o\000r\000s\000\040\040\023\000\040\000/\000a\000p\000i\000/\000a\000g\000v\000/\000l\000i\000n\000e\000f\000o\000l\000l\000o\000w\000e\000r\000/\000s\000e\000n\000s\000o\000r\000s}{chapter.12}% 64
\BOOKMARK [1][-]{section.12.3}{\376\377\000L\000i\000n\000e\000\040\000F\000o\000l\000l\000o\000w\000e\000r\000\040\000S\000e\000n\000s\000o\000r\000s\000\040\040\023\000\040\000/\000a\000p\000i\000/\000a\000g\000v\000/\000l\000i\000n\000e\000f\000o\000l\000l\000o\000w\000e\000r\000/\000e\000n\000a\000b\000l\000e}{chapter.12}% 65
\BOOKMARK [1][-]{section.12.4}{\376\377\000S\000e\000t\000\040\000S\000a\000m\000p\000l\000e\000\040\000D\000e\000l\000t\000a\000\040\000T\000i\000m\000e\000\040\040\023\000\040\000/\000a\000p\000i\000/\000a\000g\000v\000/\000l\000i\000n\000e\000f\000o\000l\000l\000o\000w\000e\000r\000/\000s\000e\000t\000S\000a\000m\000p\000l\000e\000D\000e\000l\000t\000a\000T\000i\000m\000e}{chapter.12}% 66
\BOOKMARK [0][-]{section*.53}{\376\377\000H\000T\000T\000P\000\040\000R\000o\000u\000t\000i\000n\000g\000\040\000T\000a\000b\000l\000e}{}% 67
